/opt/conda/lib/python3.11/site-packages/torch/utils/_pytree.py:185: FutureWarning: optree is installed but the version is too old to support PyTorch Dynamo in C++ pytree. C++ pytree support is disabled. Please consider upgrading optree using `python3 -m pip install --upgrade 'optree>=0.13.0'`.
  warnings.warn(
2026-04-06 18:08:25,270 [INFO] GPU: NVIDIA A100-SXM4-40GB
2026-04-06 18:08:25,270 [INFO] Dims: 81 float + 0 binary = 81 total
2026-04-06 18:08:25,270 [INFO]   Float dims incluyen posicion_R/P/I: False
2026-04-06 18:08:25,278 [INFO] Total muestras: 200
2026-04-06 18:08:25,278 [INFO] Span features: OFF (dim=0)
2026-04-06 18:08:25,278 [INFO] Split: 160 train / 20 val / 20 test
/opt/conda/lib/python3.11/site-packages/transformers/tokenization_utils_base.py:1601: FutureWarning: `clean_up_tokenization_spaces` was not set. It will be set to `True` by default. This behavior will be depracted in transformers v4.45, and will be then set to `False` by default. For more details check this issue: https://github.com/huggingface/transformers/issues/31884
  warnings.warn(
/opt/conda/lib/python3.11/site-packages/torch/nn/init.py:511: UserWarning: Initializing zero-element tensors is a no-op
  warnings.warn("Initializing zero-element tensors is a no-op")
2026-04-06 18:08:27,551 [INFO] Pooling: mean
2026-04-06 18:08:27,552 [INFO] LoRA target_modules: ['query_proj', 'key_proj', 'value_proj'], layers_to_transform: [1, 2, 3, 4, 5, 6]
2026-04-06 18:08:27,573 [INFO] LoRA activado: r=8, alpha=16, layers=1,2,3,4,5,6
2026-04-06 18:08:28,180 [INFO] Params: 436,572,322 total, 1,427,537 entrenables
2026-04-06 18:08:28,180 [INFO] Calculando pos_weight para dims binarias desde training data...
2026-04-06 18:08:28,840 [INFO] Float loss: Huber (SmoothL1, delta=0.1)
2026-04-06 18:08:28,840 [INFO] Log-transform losses: ON
2026-04-06 18:08:28,840 [INFO] Label smoothing (binary): 0.05
2026-04-06 18:08:28,840 [INFO] Training: 15 epochs, 150 steps, loss weights: α=0.7 β=0.3
2026-04-06 18:08:42,209 [INFO] Epoch 1/15 — train=0.6019 val=0.9744 corr=-0.052 f1=0.000 mae=1.429
2026-04-06 18:08:44,555 [INFO]   Best → output/s1_r1/best_model.pt (val_loss=0.9744)
2026-04-06 18:08:57,620 [INFO] Epoch 2/15 — train=0.5982 val=0.9626 corr=-0.030 f1=0.000 mae=1.412
2026-04-06 18:09:00,779 [INFO]   Best → output/s1_r1/best_model.pt (val_loss=0.9626)
2026-04-06 18:09:13,820 [INFO] Epoch 3/15 — train=0.5933 val=0.9497 corr=-0.003 f1=0.000 mae=1.394
2026-04-06 18:09:16,610 [INFO]   Best → output/s1_r1/best_model.pt (val_loss=0.9497)
2026-04-06 18:09:29,681 [INFO] Epoch 4/15 — train=0.5877 val=0.9375 corr=0.021 f1=0.000 mae=1.377
2026-04-06 18:09:32,486 [INFO]   Best → output/s1_r1/best_model.pt (val_loss=0.9375)
2026-04-06 18:09:45,535 [INFO] Epoch 5/15 — train=0.5823 val=0.9262 corr=0.045 f1=0.000 mae=1.360
2026-04-06 18:09:48,328 [INFO]   Best → output/s1_r1/best_model.pt (val_loss=0.9262)
2026-04-06 18:10:01,389 [INFO] Epoch 6/15 — train=0.5782 val=0.9160 corr=0.066 f1=0.000 mae=1.346
2026-04-06 18:10:04,352 [INFO]   Best → output/s1_r1/best_model.pt (val_loss=0.9160)
2026-04-06 18:10:17,389 [INFO] Epoch 7/15 — train=0.5740 val=0.9072 corr=0.082 f1=0.000 mae=1.333
2026-04-06 18:10:20,221 [INFO]   Best → output/s1_r1/best_model.pt (val_loss=0.9072)
2026-04-06 18:10:33,287 [INFO] Epoch 8/15 — train=0.5703 val=0.8999 corr=0.096 f1=0.000 mae=1.323
2026-04-06 18:10:36,159 [INFO]   Best → output/s1_r1/best_model.pt (val_loss=0.8999)
2026-04-06 18:10:49,191 [INFO] Epoch 9/15 — train=0.5671 val=0.8940 corr=0.106 f1=0.000 mae=1.315
2026-04-06 18:10:52,039 [INFO]   Best → output/s1_r1/best_model.pt (val_loss=0.8940)
2026-04-06 18:11:05,059 [INFO] Epoch 10/15 — train=0.5650 val=0.8897 corr=0.114 f1=0.000 mae=1.308
2026-04-06 18:11:07,868 [INFO]   Best → output/s1_r1/best_model.pt (val_loss=0.8897)
2026-04-06 18:11:20,920 [INFO] Epoch 11/15 — train=0.5627 val=0.8867 corr=0.119 f1=0.000 mae=1.304
2026-04-06 18:11:23,361 [INFO]   Best → output/s1_r1/best_model.pt (val_loss=0.8867)
2026-04-06 18:11:36,455 [INFO] Epoch 12/15 — train=0.5623 val=0.8848 corr=0.122 f1=0.000 mae=1.301
2026-04-06 18:11:38,989 [INFO]   Best → output/s1_r1/best_model.pt (val_loss=0.8848)
2026-04-06 18:11:52,088 [INFO] Epoch 13/15 — train=0.5615 val=0.8838 corr=0.123 f1=0.000 mae=1.300
2026-04-06 18:11:55,356 [INFO]   Best → output/s1_r1/best_model.pt (val_loss=0.8838)
2026-04-06 18:12:08,402 [INFO] Epoch 14/15 — train=0.5613 val=0.8835 corr=0.124 f1=0.000 mae=1.300
2026-04-06 18:12:11,266 [INFO]   Best → output/s1_r1/best_model.pt (val_loss=0.8835)
2026-04-06 18:12:24,290 [INFO] Epoch 15/15 — train=0.5607 val=0.8834 corr=0.124 f1=0.000 mae=1.299
2026-04-06 18:12:27,488 [INFO]   Best → output/s1_r1/best_model.pt (val_loss=0.8834)
2026-04-06 18:12:27,488 [INFO] Evaluando test set con mejor checkpoint...
2026-04-06 18:12:29,239 [INFO] 
============================================================
2026-04-06 18:12:29,239 [INFO] RESULTADOS v2.3 (research quick wins)
2026-04-06 18:12:29,239 [INFO] ============================================================
2026-04-06 18:12:29,239 [INFO]   corr_global:  0.009  (target: >0.35)
2026-04-06 18:12:29,239 [INFO]   f1_global:    0.000  (target: >0.50)
2026-04-06 18:12:29,239 [INFO]   mae_global:   1.393
2026-04-06 18:12:29,239 [INFO]   Tiempo:       4.0 min
2026-04-06 18:12:29,240 [INFO]   Pooling:      mean
2026-04-06 18:12:29,240 [INFO]   Float loss:   huber (delta=0.1)
2026-04-06 18:12:29,240 [INFO]   Relational:   OFF
2026-04-06 18:12:29,240 [INFO]   Label smooth: 0.05
2026-04-06 18:12:29,240 [INFO]   Log-loss:     ON
2026-04-06 18:12:29,240 [INFO]   Arch C:       OFF
2026-04-06 18:12:29,240 [INFO]   LoRA:         ON (r=8)
2026-04-06 18:12:29,240 [INFO]   Curriculum:   OFF
2026-04-06 18:12:29,240 [INFO]   Simbionte:    OFF
2026-04-06 18:12:29,240 [INFO]   Layers:       1,2,3,4,5,6
2026-04-06 18:12:29,240 [INFO]   Dims select:  all
2026-04-06 18:12:29,240 [INFO]   Weighted BCE: OFF (no binary dims)
2026-04-06 18:12:29,240 [INFO] 
  Posicion R/P/I:
2026-04-06 18:12:29,240 [INFO]     posicion_R: corr=N/A, mean=N/A
2026-04-06 18:12:29,240 [INFO]     posicion_P: corr=N/A, mean=N/A
2026-04-06 18:12:29,240 [INFO]     posicion_I: corr=N/A, mean=N/A
2026-04-06 18:12:29,240 [INFO] 
  Top correlaciones:
2026-04-06 18:12:29,240 [INFO]     corr/foco_sin_verbo: 0.607
2026-04-06 18:12:29,240 [INFO]     corr/foco_sin_falsacion: 0.566
2026-04-06 18:12:29,240 [INFO]     corr/foco_sin_objeto: 0.551
2026-04-06 18:12:29,240 [INFO]     corr/sust_origen_condicional: 0.424
2026-04-06 18:12:29,240 [INFO]     corr/sint_ambiguedad_estructural: 0.402
2026-04-06 18:12:29,240 [INFO]     corr/epist_gradacion_certeza: 0.382
2026-04-06 18:12:29,240 [INFO]     corr/foco_posicion_obstaculo: 0.369
2026-04-06 18:12:29,240 [INFO]     corr/disc_condensar: 0.365
2026-04-06 18:12:29,240 [INFO]     corr/adv_epistemico: 0.330
2026-04-06 18:12:29,240 [INFO]     corr/disc_coherencia_tematica: 0.308
2026-04-06 18:12:29,241 [INFO] 
Checkpoint: output/s1_r1/best_model.pt
2026-04-06 18:12:29,241 [INFO] Métricas: output/s1_r1/final_metrics.json
WARNING: wandb no instalado — logging a W&B desactivado. Para activar: pip install wandb && wandb login
WARNING: spaCy no instalado. Sin span features. pip install spacy
trainable params: 1,427,537 || all params: 436,572,322 || trainable%: 0.3270
